Copyright 1986-2022 Xilinx, Inc. All Rights Reserved. Copyright 2022-2024 Advanced Micro Devices, Inc. All Rights Reserved.
---------------------------------------------------------------------------------------------------------------------------------------------
| Tool Version : Vivado v.2024.2 (win64) Build 5239630 Fri Nov 08 22:35:27 MST 2024
| Date         : Sun Sep 21 14:02:29 2025
| Host         : LAPTOP-1SQM85NC running 64-bit major release  (build 9200)
| Command      : report_control_sets -verbose -file PCB_Test1_wrapper_control_sets_placed.rpt
| Design       : PCB_Test1_wrapper
| Device       : xc7a100t
---------------------------------------------------------------------------------------------------------------------------------------------

Control Set Information

Table of Contents
-----------------
1. Summary
2. Histogram
3. Flip-Flop Distribution
4. Detailed Control Set Information

1. Summary
----------

+----------------------------------------------------------+-------+
|                          Status                          | Count |
+----------------------------------------------------------+-------+
| Total control sets                                       |   119 |
|    Minimum number of control sets                        |   119 |
|    Addition due to synthesis replication                 |     0 |
|    Addition due to physical synthesis replication        |     0 |
| Unused register locations in slices containing registers |   185 |
+----------------------------------------------------------+-------+
* Control sets can be merged at opt_design using control_set_merge or merge_equivalent_drivers
** Run report_qor_suggestions for automated merging and remapping suggestions


2. Histogram
------------

+--------------------+-------+
|       Fanout       | Count |
+--------------------+-------+
| Total control sets |   119 |
| >= 0 to < 4        |     5 |
| >= 4 to < 6        |    10 |
| >= 6 to < 8        |     3 |
| >= 8 to < 10       |    59 |
| >= 10 to < 12      |     2 |
| >= 12 to < 14      |     4 |
| >= 14 to < 16      |     1 |
| >= 16              |    35 |
+--------------------+-------+
* Control sets can be remapped at either synth_design or opt_design


3. Flip-Flop Distribution
-------------------------

+--------------+-----------------------+------------------------+-----------------+--------------+
| Clock Enable | Synchronous Set/Reset | Asynchronous Set/Reset | Total Registers | Total Slices |
+--------------+-----------------------+------------------------+-----------------+--------------+
| No           | No                    | No                     |              83 |           34 |
| No           | No                    | Yes                    |              62 |           30 |
| No           | Yes                   | No                     |              24 |           13 |
| Yes          | No                    | No                     |             175 |           52 |
| Yes          | No                    | Yes                    |            1135 |          331 |
| Yes          | Yes                   | No                     |            2176 |          412 |
+--------------+-----------------------+------------------------+-----------------+--------------+


4. Detailed Control Set Information
-----------------------------------

+-------------------+-----------------------------------------------------------------------+------------------------------------------------------------------+------------------+----------------+--------------+
|    Clock Signal   |                             Enable Signal                             |                         Set/Reset Signal                         | Slice Load Count | Bel Load Count | Bels / Slice |
+-------------------+-----------------------------------------------------------------------+------------------------------------------------------------------+------------------+----------------+--------------+
|  sysclk_IBUF_BUFG |                                                                       | PCB_Test1_i/TC_distributor_0/U0/cmd0_i_1_n_0                     |                1 |              1 |         1.00 |
|  sysclk_IBUF_BUFG | PCB_Test1_i/UART_RX_100MHZ_0/U0/r_Clk_Count[13]_i_2_n_0               |                                                                  |                1 |              1 |         1.00 |
|  sysclk_IBUF_BUFG |                                                                       | PCB_Test1_i/Pulse_Per_Second_100_0/U0/o_pulse_i_1_n_0            |                1 |              2 |         2.00 |
|  sysclk_IBUF_BUFG |                                                                       | PCB_Test1_i/GNSS_Sender_0/U0/p_0_in                              |                1 |              2 |         2.00 |
|  sysclk_IBUF_BUFG |                                                                       | PCB_Test1_i/I2C_full_sensor_data_0/U0/o_i2c_ena_i_1_n_0          |                3 |              3 |         1.00 |
|  sysclk_IBUF_BUFG | PCB_Test1_i/Read1_100MHZ_0/U0/loop_cnt[3]_i_1_n_0                     | PCB_Test1_i/Read1_100MHZ_0/U0/read_complete_i_2_n_0              |                1 |              4 |         4.00 |
|  sysclk_IBUF_BUFG | PCB_Test1_i/I2C_full_sensor_data_0/U0/FSM_sequential_state[3]_i_1_n_0 | PCB_Test1_i/I2C_full_sensor_data_0/U0/o_i2c_ena_i_1_n_0          |                2 |              4 |         2.00 |
|  sysclk_IBUF_BUFG | PCB_Test1_i/Read1_100MHZ_0/U0/osc_cnt0__6                             |                                                                  |                1 |              4 |         4.00 |
|  sysclk_IBUF_BUFG | PCB_Test1_i/I2C_full_sensor_data_0/U0/o_i2c_address[6]_i_1_n_0        |                                                                  |                1 |              4 |         4.00 |
|  sysclk_IBUF_BUFG |                                                                       | PCB_Test1_i/GNSS_Fetcher_mod_0/U0/gnss_data_buf[351]_i_2_n_0     |                2 |              4 |         2.00 |
|  sysclk_IBUF_BUFG | PCB_Test1_i/I2C_full_sensor_data_0/U0/busy_cnt[2]_i_1_n_0             | PCB_Test1_i/I2C_full_sensor_data_0/U0/o_i2c_ena_i_1_n_0          |                2 |              4 |         2.00 |
|  sysclk_IBUF_BUFG | PCB_Test1_i/Write1_100MHZ_0/U0/FSM_onehot_state[4]_i_1_n_0            | PCB_Test1_i/Write1_100MHZ_0/U0/write_complete_i_2_n_0            |                1 |              5 |         5.00 |
|  sysclk_IBUF_BUFG |                                                                       | PCB_Test1_i/Read1_100MHZ_0/U0/read_complete_i_2_n_0              |                3 |              5 |         1.67 |
|  sysclk_IBUF_BUFG |                                                                       | PCB_Test1_i/Write1_100MHZ_0/U0/write_complete_i_2_n_0            |                2 |              5 |         2.50 |
|  sysclk_IBUF_BUFG | PCB_Test1_i/Read1_100MHZ_0/U0/BF_data_buf[4]_i_1_n_0                  |                                                                  |                1 |              5 |         5.00 |
|  sysclk_IBUF_BUFG | PCB_Test1_i/GNSS_Fetcher_mod_0/U0/byte_cnt0                           |                                                                  |                2 |              6 |         3.00 |
|  sysclk_IBUF_BUFG |                                                                       | PCB_Test1_i/BF_formatter_0/U0/RTC_request_i_1_n_0                |                4 |              7 |         1.75 |
|  sysclk_IBUF_BUFG | PCB_Test1_i/UART_RX_100MHZ_1/U0/r_Clk_Count[9]_i_2_n_0                | PCB_Test1_i/UART_RX_100MHZ_1/U0/r_Clk_Count[9]_i_1_n_0           |                3 |              7 |         2.33 |
|  sysclk_IBUF_BUFG | PCB_Test1_i/I2C_full_sensor_data_0/U0/rtc_data[23]_i_1_n_0            | PCB_Test1_i/I2C_full_sensor_data_0/U0/o_i2c_ena_i_1_n_0          |                1 |              8 |         8.00 |
|  sysclk_IBUF_BUFG | PCB_Test1_i/GNSS_Fetcher_mod_0/U0/gnss_data_buf[263]_i_1_n_0          | PCB_Test1_i/GNSS_Fetcher_mod_0/U0/gnss_data_buf[351]_i_2_n_0     |                3 |              8 |         2.67 |
|  sysclk_IBUF_BUFG | PCB_Test1_i/GNSS_Fetcher_mod_0/U0/gnss_data_buf[303]_i_1_n_0          | PCB_Test1_i/GNSS_Fetcher_mod_0/U0/gnss_data_buf[351]_i_2_n_0     |                3 |              8 |         2.67 |
|  sysclk_IBUF_BUFG | PCB_Test1_i/GNSS_Fetcher_mod_0/U0/gnss_data_buf[39]_i_1_n_0           | PCB_Test1_i/GNSS_Fetcher_mod_0/U0/gnss_data_buf[351]_i_2_n_0     |                3 |              8 |         2.67 |
|  sysclk_IBUF_BUFG | PCB_Test1_i/GNSS_Fetcher_mod_0/U0/gnss_data_buf[255]_i_1_n_0          | PCB_Test1_i/GNSS_Fetcher_mod_0/U0/gnss_data_buf[351]_i_2_n_0     |                2 |              8 |         4.00 |
|  sysclk_IBUF_BUFG | PCB_Test1_i/GNSS_Fetcher_mod_0/U0/gnss_data_buf[215]_i_1_n_0          | PCB_Test1_i/GNSS_Fetcher_mod_0/U0/gnss_data_buf[351]_i_2_n_0     |                3 |              8 |         2.67 |
|  sysclk_IBUF_BUFG | PCB_Test1_i/GNSS_Fetcher_mod_0/U0/gnss_data_buf[103]_i_1_n_0          | PCB_Test1_i/GNSS_Fetcher_mod_0/U0/gnss_data_buf[351]_i_2_n_0     |                2 |              8 |         4.00 |
|  sysclk_IBUF_BUFG | PCB_Test1_i/GNSS_Fetcher_mod_0/U0/gnss_data_buf[231]_i_1_n_0          | PCB_Test1_i/GNSS_Fetcher_mod_0/U0/gnss_data_buf[351]_i_2_n_0     |                3 |              8 |         2.67 |
|  sysclk_IBUF_BUFG | PCB_Test1_i/GNSS_Fetcher_mod_0/U0/gnss_data_buf[175]_i_1_n_0          | PCB_Test1_i/GNSS_Fetcher_mod_0/U0/gnss_data_buf[351]_i_2_n_0     |                1 |              8 |         8.00 |
|  sysclk_IBUF_BUFG | PCB_Test1_i/GNSS_Fetcher_mod_0/U0/gnss_data_buf[23]_i_1_n_0           | PCB_Test1_i/GNSS_Fetcher_mod_0/U0/gnss_data_buf[351]_i_2_n_0     |                2 |              8 |         4.00 |
|  sysclk_IBUF_BUFG | PCB_Test1_i/GNSS_Fetcher_mod_0/U0/gnss_data_buf[239]_i_1_n_0          | PCB_Test1_i/GNSS_Fetcher_mod_0/U0/gnss_data_buf[351]_i_2_n_0     |                4 |              8 |         2.00 |
|  sysclk_IBUF_BUFG | PCB_Test1_i/I2C_full_sensor_data_0/U0/alt_data[15]_i_1_n_0            | PCB_Test1_i/I2C_full_sensor_data_0/U0/o_i2c_ena_i_1_n_0          |                1 |              8 |         8.00 |
|  sysclk_IBUF_BUFG | PCB_Test1_i/I2C_full_sensor_data_0/U0/alt_data[23]_i_1_n_0            | PCB_Test1_i/I2C_full_sensor_data_0/U0/o_i2c_ena_i_1_n_0          |                3 |              8 |         2.67 |
|  sysclk_IBUF_BUFG | PCB_Test1_i/I2C_full_sensor_data_0/U0/alt_data[7]_i_1_n_0             | PCB_Test1_i/I2C_full_sensor_data_0/U0/o_i2c_ena_i_1_n_0          |                1 |              8 |         8.00 |
|  sysclk_IBUF_BUFG | PCB_Test1_i/GNSS_Fetcher_mod_0/U0/gnss_data_buf[311]_i_1_n_0          | PCB_Test1_i/GNSS_Fetcher_mod_0/U0/gnss_data_buf[351]_i_2_n_0     |                3 |              8 |         2.67 |
|  sysclk_IBUF_BUFG | PCB_Test1_i/GNSS_Fetcher_mod_0/U0/gnss_data_buf[247]_i_1_n_0          | PCB_Test1_i/GNSS_Fetcher_mod_0/U0/gnss_data_buf[351]_i_2_n_0     |                1 |              8 |         8.00 |
|  sysclk_IBUF_BUFG | PCB_Test1_i/GNSS_Fetcher_mod_0/U0/gnss_data_buf[319]_i_1_n_0          | PCB_Test1_i/GNSS_Fetcher_mod_0/U0/gnss_data_buf[351]_i_2_n_0     |                1 |              8 |         8.00 |
|  sysclk_IBUF_BUFG | PCB_Test1_i/I2C_full_sensor_data_0/U0/rtc_data[15]_i_1_n_0            | PCB_Test1_i/I2C_full_sensor_data_0/U0/o_i2c_ena_i_1_n_0          |                1 |              8 |         8.00 |
|  sysclk_IBUF_BUFG | PCB_Test1_i/GNSS_Fetcher_mod_0/U0/gnss_data_buf[31]_i_1_n_0           | PCB_Test1_i/GNSS_Fetcher_mod_0/U0/gnss_data_buf[351]_i_2_n_0     |                2 |              8 |         4.00 |
|  sysclk_IBUF_BUFG | PCB_Test1_i/GNSS_Fetcher_mod_0/U0/gnss_data_buf[143]_i_1_n_0          | PCB_Test1_i/GNSS_Fetcher_mod_0/U0/gnss_data_buf[351]_i_2_n_0     |                3 |              8 |         2.67 |
|  sysclk_IBUF_BUFG | PCB_Test1_i/I2C_full_sensor_data_0/U0/rtc_data[7]_i_1_n_0             | PCB_Test1_i/I2C_full_sensor_data_0/U0/o_i2c_ena_i_1_n_0          |                1 |              8 |         8.00 |
|  sysclk_IBUF_BUFG | PCB_Test1_i/GNSS_Fetcher_mod_0/U0/gnss_data_buf[327]_i_1_n_0          | PCB_Test1_i/GNSS_Fetcher_mod_0/U0/gnss_data_buf[351]_i_2_n_0     |                2 |              8 |         4.00 |
|  sysclk_IBUF_BUFG | PCB_Test1_i/I2C_full_sensor_data_0/U0/temp_data[15]_i_1_n_0           | PCB_Test1_i/I2C_full_sensor_data_0/U0/o_i2c_ena_i_1_n_0          |                4 |              8 |         2.00 |
|  sysclk_IBUF_BUFG | PCB_Test1_i/I2C_full_sensor_data_0/U0/temp_data[7]_i_1_n_0            | PCB_Test1_i/I2C_full_sensor_data_0/U0/o_i2c_ena_i_1_n_0          |                2 |              8 |         4.00 |
|  sysclk_IBUF_BUFG | PCB_Test1_i/GNSS_Fetcher_mod_0/U0/gnss_data_buf[207]_i_1_n_0          | PCB_Test1_i/GNSS_Fetcher_mod_0/U0/gnss_data_buf[351]_i_2_n_0     |                4 |              8 |         2.00 |
|  sysclk_IBUF_BUFG | PCB_Test1_i/I2Cmod_0/U0/data_rd[7]_i_1_n_0                            | PCB_Test1_i/I2Cmod_0/U0/busy_i_2_n_0                             |                2 |              8 |         4.00 |
|  sysclk_IBUF_BUFG | PCB_Test1_i/GNSS_Fetcher_mod_0/U0/gnss_data_buf[287]_i_1_n_0          | PCB_Test1_i/GNSS_Fetcher_mod_0/U0/gnss_data_buf[351]_i_2_n_0     |                2 |              8 |         4.00 |
|  sysclk_IBUF_BUFG | PCB_Test1_i/BF_Data_Collector_Dr_0/U0/flight_total[7]_i_1_n_0         | PCB_Test1_i/BF_Data_Collector_Dr_0/U0/BF_data_buf[197]_i_3_n_0   |                2 |              8 |         4.00 |
|  sysclk_IBUF_BUFG | PCB_Test1_i/GNSS_Fetcher_mod_0/U0/gnss_data_buf[127]_i_1_n_0          | PCB_Test1_i/GNSS_Fetcher_mod_0/U0/gnss_data_buf[351]_i_2_n_0     |                3 |              8 |         2.67 |
|  sysclk_IBUF_BUFG | PCB_Test1_i/GNSS_Fetcher_mod_0/U0/gnss_data_buf[183]_i_1_n_0          | PCB_Test1_i/GNSS_Fetcher_mod_0/U0/gnss_data_buf[351]_i_2_n_0     |                1 |              8 |         8.00 |
|  sysclk_IBUF_BUFG | PCB_Test1_i/GNSS_Fetcher_mod_0/U0/gnss_data_buf[335]_i_1_n_0          | PCB_Test1_i/GNSS_Fetcher_mod_0/U0/gnss_data_buf[351]_i_2_n_0     |                4 |              8 |         2.00 |
|  sysclk_IBUF_BUFG | PCB_Test1_i/GNSS_Fetcher_mod_0/U0/gnss_data_buf[135]_i_1_n_0          | PCB_Test1_i/GNSS_Fetcher_mod_0/U0/gnss_data_buf[351]_i_2_n_0     |                1 |              8 |         8.00 |
|  sysclk_IBUF_BUFG | PCB_Test1_i/GNSS_Fetcher_mod_0/U0/gnss_data_buf[95]_i_1_n_0           | PCB_Test1_i/GNSS_Fetcher_mod_0/U0/gnss_data_buf[351]_i_2_n_0     |                2 |              8 |         4.00 |
|  sysclk_IBUF_BUFG | PCB_Test1_i/GNSS_Fetcher_mod_0/U0/gnss_data_buf[87]_i_1_n_0           | PCB_Test1_i/GNSS_Fetcher_mod_0/U0/gnss_data_buf[351]_i_2_n_0     |                2 |              8 |         4.00 |
|  sysclk_IBUF_BUFG | PCB_Test1_i/GNSS_Fetcher_mod_0/U0/gnss_data_buf[159]_i_1_n_0          | PCB_Test1_i/GNSS_Fetcher_mod_0/U0/gnss_data_buf[351]_i_2_n_0     |                5 |              8 |         1.60 |
|  sysclk_IBUF_BUFG | PCB_Test1_i/GNSS_Fetcher_mod_0/U0/gnss_data_buf[7]_i_1_n_0            | PCB_Test1_i/GNSS_Fetcher_mod_0/U0/gnss_data_buf[351]_i_2_n_0     |                3 |              8 |         2.67 |
|  sysclk_IBUF_BUFG | PCB_Test1_i/TM_packet_sender_0/U0/o_TX_byte[7]_i_2_n_0                | PCB_Test1_i/TM_packet_sender_0/U0/o_TX_byte[7]_i_1_n_0           |                5 |              8 |         1.60 |
|  sysclk_IBUF_BUFG | PCB_Test1_i/UART_TX_100MHZ_0/U0/r_TX_Data_1                           |                                                                  |                4 |              8 |         2.00 |
|  sysclk_IBUF_BUFG | PCB_Test1_i/Read1_100MHZ_0/U0/wait_count[7]_i_1_n_0                   | PCB_Test1_i/Read1_100MHZ_0/U0/read_complete_i_2_n_0              |                3 |              8 |         2.67 |
|  sysclk_IBUF_BUFG | PCB_Test1_i/GNSS_Fetcher_mod_0/U0/gnss_data_buf[191]_i_1_n_0          | PCB_Test1_i/GNSS_Fetcher_mod_0/U0/gnss_data_buf[351]_i_2_n_0     |                1 |              8 |         8.00 |
|  sysclk_IBUF_BUFG | PCB_Test1_i/GNSS_Fetcher_mod_0/U0/gnss_data_buf[343]_i_1_n_0          | PCB_Test1_i/GNSS_Fetcher_mod_0/U0/gnss_data_buf[351]_i_2_n_0     |                3 |              8 |         2.67 |
|  sysclk_IBUF_BUFG | PCB_Test1_i/BF_Data_Collector_Dr_0/U0/p_0_in[197]                     | PCB_Test1_i/BF_Data_Collector_Dr_0/U0/BF_data_buf[197]_i_3_n_0   |                2 |              8 |         4.00 |
|  sysclk_IBUF_BUFG | PCB_Test1_i/GNSS_Fetcher_mod_0/U0/gnss_data_buf[199]_i_1_n_0          | PCB_Test1_i/GNSS_Fetcher_mod_0/U0/gnss_data_buf[351]_i_2_n_0     |                2 |              8 |         4.00 |
|  sysclk_IBUF_BUFG | PCB_Test1_i/GNSS_Fetcher_mod_0/U0/gnss_data_buf[47]_i_1_n_0           | PCB_Test1_i/GNSS_Fetcher_mod_0/U0/gnss_data_buf[351]_i_2_n_0     |                2 |              8 |         4.00 |
|  sysclk_IBUF_BUFG | PCB_Test1_i/GNSS_Fetcher_mod_0/U0/gnss_data_buf[119]_i_1_n_0          | PCB_Test1_i/GNSS_Fetcher_mod_0/U0/gnss_data_buf[351]_i_2_n_0     |                2 |              8 |         4.00 |
|  sysclk_IBUF_BUFG | PCB_Test1_i/GNSS_Fetcher_mod_0/U0/gnss_data_buf[55]_i_1_n_0           | PCB_Test1_i/GNSS_Fetcher_mod_0/U0/gnss_data_buf[351]_i_2_n_0     |                1 |              8 |         8.00 |
|  sysclk_IBUF_BUFG | PCB_Test1_i/GNSS_Fetcher_mod_0/U0/gnss_data_buf[63]_i_1_n_0           | PCB_Test1_i/GNSS_Fetcher_mod_0/U0/gnss_data_buf[351]_i_2_n_0     |                2 |              8 |         4.00 |
|  sysclk_IBUF_BUFG | PCB_Test1_i/GNSS_Fetcher_mod_0/U0/gnss_data_buf[151]_i_1_n_0          | PCB_Test1_i/GNSS_Fetcher_mod_0/U0/gnss_data_buf[351]_i_2_n_0     |                2 |              8 |         4.00 |
|  sysclk_IBUF_BUFG | PCB_Test1_i/GNSS_Fetcher_mod_0/U0/gnss_data_buf[167]_i_1_n_0          | PCB_Test1_i/GNSS_Fetcher_mod_0/U0/gnss_data_buf[351]_i_2_n_0     |                3 |              8 |         2.67 |
|  sysclk_IBUF_BUFG | PCB_Test1_i/GNSS_Fetcher_mod_0/U0/gnss_data_buf[223]_i_1_n_0          | PCB_Test1_i/GNSS_Fetcher_mod_0/U0/gnss_data_buf[351]_i_2_n_0     |                3 |              8 |         2.67 |
|  sysclk_IBUF_BUFG | PCB_Test1_i/GNSS_Fetcher_mod_0/U0/gnss_data_buf[271]_i_1_n_0          | PCB_Test1_i/GNSS_Fetcher_mod_0/U0/gnss_data_buf[351]_i_2_n_0     |                2 |              8 |         4.00 |
|  sysclk_IBUF_BUFG | PCB_Test1_i/GNSS_Fetcher_mod_0/U0/gnss_data_buf[279]_i_1_n_0          | PCB_Test1_i/GNSS_Fetcher_mod_0/U0/gnss_data_buf[351]_i_2_n_0     |                3 |              8 |         2.67 |
|  sysclk_IBUF_BUFG | PCB_Test1_i/GNSS_Fetcher_mod_0/U0/gnss_data_buf[111]_i_1_n_0          | PCB_Test1_i/GNSS_Fetcher_mod_0/U0/gnss_data_buf[351]_i_2_n_0     |                1 |              8 |         8.00 |
|  sysclk_IBUF_BUFG | PCB_Test1_i/GNSS_Fetcher_mod_0/U0/gnss_data_buf[295]_i_1_n_0          | PCB_Test1_i/GNSS_Fetcher_mod_0/U0/gnss_data_buf[351]_i_2_n_0     |                2 |              8 |         4.00 |
|  sysclk_IBUF_BUFG | PCB_Test1_i/GNSS_Fetcher_mod_0/U0/gnss_data_buf[351]_i_1_n_0          | PCB_Test1_i/GNSS_Fetcher_mod_0/U0/gnss_data_buf[351]_i_2_n_0     |                4 |              8 |         2.00 |
|  sysclk_IBUF_BUFG | PCB_Test1_i/GNSS_Fetcher_mod_0/U0/gnss_data_buf[15]_i_1_n_0           | PCB_Test1_i/GNSS_Fetcher_mod_0/U0/gnss_data_buf[351]_i_2_n_0     |                1 |              8 |         8.00 |
|  sysclk_IBUF_BUFG | PCB_Test1_i/GNSS_Fetcher_mod_0/U0/gnss_data_buf[71]_i_1_n_0           | PCB_Test1_i/GNSS_Fetcher_mod_0/U0/gnss_data_buf[351]_i_2_n_0     |                2 |              8 |         4.00 |
|  sysclk_IBUF_BUFG | PCB_Test1_i/GNSS_Fetcher_mod_0/U0/gnss_data_buf[79]_i_1_n_0           | PCB_Test1_i/GNSS_Fetcher_mod_0/U0/gnss_data_buf[351]_i_2_n_0     |                2 |              8 |         4.00 |
|  sysclk_IBUF_BUFG | PCB_Test1_i/I2Cmod_0/U0/busy1                                         | PCB_Test1_i/I2Cmod_0/U0/busy_i_2_n_0                             |                4 |              9 |         2.25 |
|  sysclk_IBUF_BUFG | PCB_Test1_i/UART_TX_100MHZ_0/U0/r_Clk_Count_0                         | PCB_Test1_i/UART_TX_100MHZ_0/U0/r_Clk_Count0                     |                3 |             10 |         3.33 |
|  sysclk_IBUF_BUFG | PCB_Test1_i/Read1_100MHZ_0/U0/FSM_onehot_state[10]_i_1_n_0            | PCB_Test1_i/Read1_100MHZ_0/U0/read_complete_i_2_n_0              |                3 |             11 |         3.67 |
|  sysclk_IBUF_BUFG |                                                                       | PCB_Test1_i/BF_Data_Collector_Dr_0/U0/BF_data_buf[197]_i_3_n_0   |                6 |             12 |         2.00 |
|  sysclk_IBUF_BUFG |                                                                       | PCB_Test1_i/HK_formatter_0/U0/RTC_request_i_1_n_0                |                5 |             13 |         2.60 |
|  sysclk_IBUF_BUFG | PCB_Test1_i/UART_RX_100MHZ_0/U0/r_Clk_Count[13]_i_2_n_0               | PCB_Test1_i/UART_RX_100MHZ_0/U0/r_Clk_Count[13]_i_1_n_0          |                4 |             13 |         3.25 |
|  sysclk_IBUF_BUFG | PCB_Test1_i/I2Cmod_0/U0/addr_rw0                                      |                                                                  |                4 |             13 |         3.25 |
|  sysclk_IBUF_BUFG |                                                                       | PCB_Test1_i/I2Cmod_0/U0/busy_i_2_n_0                             |               10 |             15 |         1.50 |
|  sysclk_IBUF_BUFG | PCB_Test1_i/Write1_100MHZ_0/U0/write_data_buf0                        |                                                                  |                5 |             16 |         3.20 |
|  sysclk_IBUF_BUFG | PCB_Test1_i/Read1_100MHZ_0/U0/data_exp                                | PCB_Test1_i/Read1_100MHZ_0/U0/read_complete_i_2_n_0              |                6 |             16 |         2.67 |
|  sysclk_IBUF_BUFG | PCB_Test1_i/Read1_100MHZ_0/U0/data_buf0                               |                                                                  |                5 |             16 |         3.20 |
|  sysclk_IBUF_BUFG | PCB_Test1_i/Read1_100MHZ_0/U0/data_prev_1                             | PCB_Test1_i/Read1_100MHZ_0/U0/read_complete_i_2_n_0              |                2 |             16 |         8.00 |
|  sysclk_IBUF_BUFG | PCB_Test1_i/I2C_full_sensor_data_0/U0/o_TX_TEMP_data[31]_i_2_n_0      | PCB_Test1_i/I2C_full_sensor_data_0/U0/o_TX_TEMP_data[31]_i_1_n_0 |                5 |             16 |         3.20 |
|  sysclk_IBUF_BUFG |                                                                       | PCB_Test1_i/RW_ROUTER_100MHZ_0/U0/p_0_in                         |                5 |             17 |         3.40 |
|  sysclk_IBUF_BUFG | PCB_Test1_i/I2C_full_sensor_data_0/U0/conv_cnt[19]_i_1_n_0            | PCB_Test1_i/I2C_full_sensor_data_0/U0/o_i2c_ena_i_1_n_0          |                5 |             20 |         4.00 |
|  sysclk_IBUF_BUFG | PCB_Test1_i/Read1_100MHZ_0/U0/A_buf                                   | PCB_Test1_i/Read1_100MHZ_0/U0/read_complete_i_2_n_0              |                4 |             22 |         5.50 |
|  sysclk_IBUF_BUFG | PCB_Test1_i/Read1_100MHZ_0/U0/addr_cnt[21]_i_1_n_0                    | PCB_Test1_i/Read1_100MHZ_0/U0/read_complete_i_2_n_0              |                5 |             22 |         4.40 |
|  sysclk_IBUF_BUFG | PCB_Test1_i/Read1_100MHZ_0/U0/A[21]_i_1_n_0                           | PCB_Test1_i/Read1_100MHZ_0/U0/read_complete_i_2_n_0              |                9 |             23 |         2.56 |
|  sysclk_IBUF_BUFG | PCB_Test1_i/Write1_100MHZ_0/U0/write_active_0                         | PCB_Test1_i/Write1_100MHZ_0/U0/write_complete_i_2_n_0            |                8 |             23 |         2.88 |
|  sysclk_IBUF_BUFG | PCB_Test1_i/HK_formatter_0/U0/ALT_data_i                              | PCB_Test1_i/HK_formatter_0/U0/RTC_request_i_1_n_0                |                4 |             24 |         6.00 |
|  sysclk_IBUF_BUFG | PCB_Test1_i/HK_formatter_0/U0/RTC_data_i                              | PCB_Test1_i/HK_formatter_0/U0/RTC_request_i_1_n_0                |                4 |             24 |         6.00 |
|  sysclk_IBUF_BUFG | PCB_Test1_i/I2C_full_sensor_data_0/U0/o_TX_RTC_data[23]_i_2_n_0       | PCB_Test1_i/I2C_full_sensor_data_0/U0/o_TX_RTC_data[23]_i_1_n_0  |                4 |             24 |         6.00 |
|  sysclk_IBUF_BUFG | PCB_Test1_i/I2C_full_sensor_data_0/U0/o_TX_ALT_data[23]_i_1_n_0       | PCB_Test1_i/I2C_full_sensor_data_0/U0/o_TX_RTC_data[23]_i_1_n_0  |                5 |             24 |         4.80 |
|  sysclk_IBUF_BUFG | PCB_Test1_i/BF_formatter_0/U0/RTC_data_i_0                            | PCB_Test1_i/BF_formatter_0/U0/RTC_request_i_1_n_0                |                4 |             24 |         6.00 |
|  sysclk_IBUF_BUFG | PCB_Test1_i/I2C_full_sensor_data_0/U0/start_cnt[0]_i_1_n_0            |                                                                  |                6 |             24 |         4.00 |
|  sysclk_IBUF_BUFG | PCB_Test1_i/Pulse_Per_Second_100_0/U0/sec_cnt[0]_i_1_n_0              | PCB_Test1_i/Pulse_Per_Second_100_0/U0/o_pulse_i_1_n_0            |                7 |             27 |         3.86 |
|  sysclk_IBUF_BUFG | PCB_Test1_i/HK_formatter_0/U0/TEMP_data_i                             | PCB_Test1_i/HK_formatter_0/U0/RTC_request_i_1_n_0                |                6 |             32 |         5.33 |
|  sysclk_IBUF_BUFG | PCB_Test1_i/TM_packet_sender_0/U0/bit_cnt                             | PCB_Test1_i/TM_packet_sender_0/U0/o_TX_byte[7]_i_1_n_0           |                6 |             33 |         5.50 |
|  sysclk_IBUF_BUFG | PCB_Test1_i/Read1_100MHZ_0/U0/BF_data_buf[46]_i_1_n_0                 |                                                                  |               10 |             38 |         3.80 |
|  sysclk_IBUF_BUFG | PCB_Test1_i/Write1_100MHZ_0/U0/addr_cnt                               | PCB_Test1_i/Write1_100MHZ_0/U0/write_complete_i_2_n_0            |               14 |             38 |         2.71 |
|  sysclk_IBUF_BUFG | PCB_Test1_i/Switchmod_0/U0/led0                                       |                                                                  |               12 |             40 |         3.33 |
|  sysclk_IBUF_BUFG | PCB_Test1_i/BF_Data_Collector_Dr_0/U0/p_0_in[46]                      | PCB_Test1_i/BF_Data_Collector_Dr_0/U0/BF_data_buf[197]_i_3_n_0   |               15 |             43 |         2.87 |
|  sysclk_IBUF_BUFG | PCB_Test1_i/BF_Data_Collector_Dr_0/U0/p_0_in[93]                      | PCB_Test1_i/BF_Data_Collector_Dr_0/U0/BF_data_buf[197]_i_3_n_0   |               18 |             43 |         2.39 |
|  sysclk_IBUF_BUFG | PCB_Test1_i/BF_Data_Collector_Dr_0/U0/p_0_in[140]                     | PCB_Test1_i/BF_Data_Collector_Dr_0/U0/BF_data_buf[197]_i_3_n_0   |               14 |             43 |         3.07 |
|  sysclk_IBUF_BUFG | PCB_Test1_i/BF_Data_Collector_Dr_0/U0/p_0_in[187]                     | PCB_Test1_i/BF_Data_Collector_Dr_0/U0/BF_data_buf[197]_i_3_n_0   |               16 |             43 |         2.69 |
|  sysclk_IBUF_BUFG |                                                                       |                                                                  |               34 |             83 |         2.44 |
|  sysclk_IBUF_BUFG | PCB_Test1_i/BF_formatter_0/U0/SRAM_data_i_1                           | PCB_Test1_i/BF_formatter_0/U0/RTC_request_i_1_n_0                |               31 |            182 |         5.87 |
|  sysclk_IBUF_BUFG | PCB_Test1_i/TM_packet_sender_0/U0/i_BF_data_i                         | PCB_Test1_i/TM_packet_sender_0/U0/o_TX_byte[7]_i_1_n_0           |               40 |            207 |         5.18 |
|  sysclk_IBUF_BUFG | PCB_Test1_i/BF_formatter_0/U0/FSM_sequential_state_reg_n_0_[1]        | PCB_Test1_i/BF_formatter_0/U0/RTC_request_i_1_n_0                |               39 |            207 |         5.31 |
|  sysclk_IBUF_BUFG | PCB_Test1_i/GNSS_Sender_0/U0/gnss_data_buf[383]_i_1_n_0               | PCB_Test1_i/GNSS_Sender_0/U0/p_0_in                              |               92 |            363 |         3.95 |
|  sysclk_IBUF_BUFG | PCB_Test1_i/HK_formatter_0/U0/GNSS_data_i                             | PCB_Test1_i/HK_formatter_0/U0/RTC_request_i_1_n_0                |               67 |            363 |         5.42 |
|  sysclk_IBUF_BUFG | PCB_Test1_i/HK_formatter_0/U0/HK_packet[469]_i_1_n_0                  | PCB_Test1_i/HK_formatter_0/U0/RTC_request_i_1_n_0                |               72 |            443 |         6.15 |
|  sysclk_IBUF_BUFG | PCB_Test1_i/TM_packet_sender_0/U0/i_HK_data_i                         | PCB_Test1_i/TM_packet_sender_0/U0/o_TX_byte[7]_i_1_n_0           |               87 |            443 |         5.09 |
+-------------------+-----------------------------------------------------------------------+------------------------------------------------------------------+------------------+----------------+--------------+


